---
http_interactions:
- request:
    method: get
    uri: http://localhost:3000/api/v1/good_deeds
    body:
      encoding: US-ASCII
      string: ''
    headers:
      User-Agent:
      - Faraday v2.7.4
      Accept-Encoding:
      - gzip;q=1.0,deflate;q=0.6,identity;q=0.3
      Accept:
      - "*/*"
  response:
    status:
      code: 200
      message: OK
    headers:
      X-Frame-Options:
      - SAMEORIGIN
      X-Xss-Protection:
      - '0'
      X-Content-Type-Options:
      - nosniff
      X-Download-Options:
      - noopen
      X-Permitted-Cross-Domain-Policies:
      - none
      Referrer-Policy:
      - strict-origin-when-cross-origin
      Content-Type:
      - application/json; charset=utf-8
      Vary:
      - Accept
      Etag:
      - W/"8fe32e407a1038ee38753b70e5374b3a"
      Cache-Control:
      - max-age=0, private, must-revalidate
      X-Request-Id:
      - f2d9c7a8-fd81-4c5b-bb97-b454abd6b2ee
      X-Runtime:
      - '0.011674'
      Server-Timing:
      - start_processing.action_controller;dur=0.09, sql.active_record;dur=1.93, process_action.action_controller;dur=5.25
      Transfer-Encoding:
      - chunked
    body:
      encoding: UTF-8
      string: '{"data":[]}'
  recorded_at: Sun, 16 Apr 2023 18:00:30 GMT
- request:
    method: get
    uri: http://localhost:3000/api/v1/random_acts
    body:
      encoding: US-ASCII
      string: ''
    headers:
      User-Agent:
      - Faraday v2.7.4
      Accept-Encoding:
      - gzip;q=1.0,deflate;q=0.6,identity;q=0.3
      Accept:
      - "*/*"
  response:
    status:
      code: 200
      message: OK
    headers:
      X-Frame-Options:
      - SAMEORIGIN
      X-Xss-Protection:
      - '0'
      X-Content-Type-Options:
      - nosniff
      X-Download-Options:
      - noopen
      X-Permitted-Cross-Domain-Policies:
      - none
      Referrer-Policy:
      - strict-origin-when-cross-origin
      Content-Type:
      - application/json; charset=utf-8
      Vary:
      - Accept
      Etag:
      - W/"4107e73bf869762af6b8846bcb6f5149"
      Cache-Control:
      - max-age=0, private, must-revalidate
      X-Request-Id:
      - 719c244b-4d13-46fe-8bc2-0a2e7384b2a0
      X-Runtime:
      - '0.709404'
      Server-Timing:
      - start_processing.action_controller;dur=0.05, process_action.action_controller;dur=704.87
      Transfer-Encoding:
      - chunked
    body:
      encoding: UTF-8
      string: '{"data":{"id":null,"type":"random_acts","attributes":{"deed_names":["Volunteer
        and help out at a senior center","Volunteer and help out at a senior center","Volunteer
        and help out at a senior center"]}}}'
  recorded_at: Sun, 16 Apr 2023 18:00:31 GMT
- request:
    method: get
    uri: http://localhost:3000/api/v1/users
    body:
      encoding: US-ASCII
      string: ''
    headers:
      User-Agent:
      - Faraday v2.7.4
      Accept-Encoding:
      - gzip;q=1.0,deflate;q=0.6,identity;q=0.3
      Accept:
      - "*/*"
  response:
    status:
      code: 200
      message: OK
    headers:
      X-Frame-Options:
      - SAMEORIGIN
      X-Xss-Protection:
      - '0'
      X-Content-Type-Options:
      - nosniff
      X-Download-Options:
      - noopen
      X-Permitted-Cross-Domain-Policies:
      - none
      Referrer-Policy:
      - strict-origin-when-cross-origin
      Content-Type:
      - application/json; charset=utf-8
      Vary:
      - Accept
      Etag:
      - W/"f199d47a3997b02fbe498facf29063d5"
      Cache-Control:
      - max-age=0, private, must-revalidate
      X-Request-Id:
      - c05cfc21-cc92-4098-94ae-f2a71788eacb
      X-Runtime:
      - '0.032654'
      Server-Timing:
      - start_processing.action_controller;dur=0.10, sql.active_record;dur=8.99, instantiation.active_record;dur=0.35,
        process_action.action_controller;dur=22.54
      Transfer-Encoding:
      - chunked
    body:
      encoding: UTF-8
      string: '{"data":[{"id":"1","type":"users","attributes":{"name":"Kara Jones-Hofmann","role":"user","good_deeds":[]}},{"id":"2","type":"users","attributes":{"name":"John
        Smith","role":"user","good_deeds":[]}}]}'
  recorded_at: Sun, 16 Apr 2023 18:02:52 GMT
recorded_with: VCR 6.1.0
