---
http_interactions:
- request:
    method: get
    uri: https://warm-temple-59633.herokuapp.com/api/v1/good_deeds
    body:
      encoding: US-ASCII
      string: ''
    headers:
      User-Agent:
      - Faraday v2.7.4
      Accept-Encoding:
      - gzip;q=1.0,deflate;q=0.6,identity;q=0.3
      Accept:
      - "*/*"
  response:
    status:
      code: 200
      message: OK
    headers:
      Server:
      - Cowboy
      Date:
      - Tue, 18 Apr 2023 22:08:37 GMT
      Connection:
      - keep-alive
      X-Frame-Options:
      - SAMEORIGIN
      X-Xss-Protection:
      - '0'
      X-Content-Type-Options:
      - nosniff
      X-Download-Options:
      - noopen
      X-Permitted-Cross-Domain-Policies:
      - none
      Referrer-Policy:
      - strict-origin-when-cross-origin
      Content-Type:
      - application/json; charset=utf-8
      Vary:
      - Accept
      Etag:
      - W/"90d0241e3615667c572a37a612495c25"
      Cache-Control:
      - max-age=0, private, must-revalidate
      X-Request-Id:
      - 1e21ad88-704c-4cff-9bbd-316634bbb26a
      X-Runtime:
      - '0.004448'
      Transfer-Encoding:
      - chunked
      Via:
      - 1.1 vegur
    body:
      encoding: UTF-8
      string: '{"data":[{"id":"7","type":"good_deeds","attributes":{"name":"Help Others4.","media_link":"https://images.unsplash.com/photo-1679227679356-7a3d5bd5d8be?crop=entropy\u0026cs=tinysrgb\u0026fit=max\u0026fm=jpg\u0026ixid=Mnw0MzM0NTl8MHwxfHJhbmRvbXx8fHx8fHx8fDE2ODA5NzUzMDE\u0026ixlib=rb-4.0.3\u0026q=80\u0026w=400","time":"2000-01-01T16:00:00.000Z","date":"2023-01-01"}}]}'
  recorded_at: Tue, 18 Apr 2023 22:08:38 GMT
- request:
    method: get
    uri: https://warm-temple-59633.herokuapp.com/api/v1/good_deeds
    body:
      encoding: US-ASCII
      string: ''
    headers:
      User-Agent:
      - Faraday v2.7.4
      Accept-Encoding:
      - gzip;q=1.0,deflate;q=0.6,identity;q=0.3
      Accept:
      - "*/*"
  response:
    status:
      code: 200
      message: OK
    headers:
      Server:
      - Cowboy
      Date:
      - Tue, 18 Apr 2023 22:08:38 GMT
      Connection:
      - keep-alive
      X-Frame-Options:
      - SAMEORIGIN
      X-Xss-Protection:
      - '0'
      X-Content-Type-Options:
      - nosniff
      X-Download-Options:
      - noopen
      X-Permitted-Cross-Domain-Policies:
      - none
      Referrer-Policy:
      - strict-origin-when-cross-origin
      Content-Type:
      - application/json; charset=utf-8
      Vary:
      - Accept
      Etag:
      - W/"90d0241e3615667c572a37a612495c25"
      Cache-Control:
      - max-age=0, private, must-revalidate
      X-Request-Id:
      - 96ee287f-d25d-41e0-a7e9-407e3a7587e3
      X-Runtime:
      - '0.003428'
      Transfer-Encoding:
      - chunked
      Via:
      - 1.1 vegur
    body:
      encoding: UTF-8
      string: '{"data":[{"id":"7","type":"good_deeds","attributes":{"name":"Help Others4.","media_link":"https://images.unsplash.com/photo-1679227679356-7a3d5bd5d8be?crop=entropy\u0026cs=tinysrgb\u0026fit=max\u0026fm=jpg\u0026ixid=Mnw0MzM0NTl8MHwxfHJhbmRvbXx8fHx8fHx8fDE2ODA5NzUzMDE\u0026ixlib=rb-4.0.3\u0026q=80\u0026w=400","time":"2000-01-01T16:00:00.000Z","date":"2023-01-01"}}]}'
  recorded_at: Tue, 18 Apr 2023 22:08:38 GMT
- request:
    method: get
    uri: https://warm-temple-59633.herokuapp.com/api/v1/good_deeds
    body:
      encoding: US-ASCII
      string: ''
    headers:
      User-Agent:
      - Faraday v2.7.4
      Accept-Encoding:
      - gzip;q=1.0,deflate;q=0.6,identity;q=0.3
      Accept:
      - "*/*"
  response:
    status:
      code: 200
      message: OK
    headers:
      Server:
      - Cowboy
      Date:
      - Tue, 18 Apr 2023 22:08:38 GMT
      Connection:
      - keep-alive
      X-Frame-Options:
      - SAMEORIGIN
      X-Xss-Protection:
      - '0'
      X-Content-Type-Options:
      - nosniff
      X-Download-Options:
      - noopen
      X-Permitted-Cross-Domain-Policies:
      - none
      Referrer-Policy:
      - strict-origin-when-cross-origin
      Content-Type:
      - application/json; charset=utf-8
      Vary:
      - Accept
      Etag:
      - W/"90d0241e3615667c572a37a612495c25"
      Cache-Control:
      - max-age=0, private, must-revalidate
      X-Request-Id:
      - ce3a8c67-1e40-4a13-87e2-b5ff0ca71ab7
      X-Runtime:
      - '0.003705'
      Transfer-Encoding:
      - chunked
      Via:
      - 1.1 vegur
    body:
      encoding: UTF-8
      string: '{"data":[{"id":"7","type":"good_deeds","attributes":{"name":"Help Others4.","media_link":"https://images.unsplash.com/photo-1679227679356-7a3d5bd5d8be?crop=entropy\u0026cs=tinysrgb\u0026fit=max\u0026fm=jpg\u0026ixid=Mnw0MzM0NTl8MHwxfHJhbmRvbXx8fHx8fHx8fDE2ODA5NzUzMDE\u0026ixlib=rb-4.0.3\u0026q=80\u0026w=400","time":"2000-01-01T16:00:00.000Z","date":"2023-01-01"}}]}'
  recorded_at: Tue, 18 Apr 2023 22:08:39 GMT
- request:
    method: get
    uri: https://warm-temple-59633.herokuapp.com/api/v1/good_deeds
    body:
      encoding: US-ASCII
      string: ''
    headers:
      User-Agent:
      - Faraday v2.7.4
      Accept-Encoding:
      - gzip;q=1.0,deflate;q=0.6,identity;q=0.3
      Accept:
      - "*/*"
  response:
    status:
      code: 200
      message: OK
    headers:
      Server:
      - Cowboy
      Date:
      - Tue, 18 Apr 2023 22:08:38 GMT
      Connection:
      - keep-alive
      X-Frame-Options:
      - SAMEORIGIN
      X-Xss-Protection:
      - '0'
      X-Content-Type-Options:
      - nosniff
      X-Download-Options:
      - noopen
      X-Permitted-Cross-Domain-Policies:
      - none
      Referrer-Policy:
      - strict-origin-when-cross-origin
      Content-Type:
      - application/json; charset=utf-8
      Vary:
      - Accept
      Etag:
      - W/"90d0241e3615667c572a37a612495c25"
      Cache-Control:
      - max-age=0, private, must-revalidate
      X-Request-Id:
      - 9f0e9348-5a05-4c89-8dba-a4d8d4840b97
      X-Runtime:
      - '0.003634'
      Transfer-Encoding:
      - chunked
      Via:
      - 1.1 vegur
    body:
      encoding: UTF-8
      string: '{"data":[{"id":"7","type":"good_deeds","attributes":{"name":"Help Others4.","media_link":"https://images.unsplash.com/photo-1679227679356-7a3d5bd5d8be?crop=entropy\u0026cs=tinysrgb\u0026fit=max\u0026fm=jpg\u0026ixid=Mnw0MzM0NTl8MHwxfHJhbmRvbXx8fHx8fHx8fDE2ODA5NzUzMDE\u0026ixlib=rb-4.0.3\u0026q=80\u0026w=400","time":"2000-01-01T16:00:00.000Z","date":"2023-01-01"}}]}'
  recorded_at: Tue, 18 Apr 2023 22:08:39 GMT
recorded_with: VCR 6.1.0
