---
http_interactions:
- request:
    method: get
    uri: https://warm-temple-59633.herokuapp.com/api/v1/users/1/good_deeds/5
    body:
      encoding: US-ASCII
      string: ''
    headers:
      User-Agent:
      - Faraday v2.7.4
      Accept-Encoding:
      - gzip;q=1.0,deflate;q=0.6,identity;q=0.3
      Accept:
      - "*/*"
  response:
    status:
      code: 200
      message: OK
    headers:
      Server:
      - Cowboy
      Date:
      - Tue, 18 Apr 2023 02:43:15 GMT
      Connection:
      - keep-alive
      X-Frame-Options:
      - SAMEORIGIN
      X-Xss-Protection:
      - '0'
      X-Content-Type-Options:
      - nosniff
      X-Download-Options:
      - noopen
      X-Permitted-Cross-Domain-Policies:
      - none
      Referrer-Policy:
      - strict-origin-when-cross-origin
      Content-Type:
      - application/json; charset=utf-8
      Vary:
      - Accept
      Etag:
      - W/"23afc4993cf02d11770a5bab95d81741"
      Cache-Control:
      - max-age=0, private, must-revalidate
      X-Request-Id:
      - bf8771a4-f755-455a-88fd-777ad44ff43e
      X-Runtime:
      - '0.007136'
      Transfer-Encoding:
      - chunked
      Via:
      - 1.1 vegur
    body:
      encoding: UTF-8
      string: '{"data":{"id":"5","type":"good_deed","attributes":{"name":"Pick up
        litter around your favorite park","date":"2023-04-17","time":"2000-01-01T21:48:58.000Z","status":"In
        Progress","notes":"","media_link":null,"attendees":[]}}}'
  recorded_at: Tue, 18 Apr 2023 02:43:15 GMT
- request:
    method: get
    uri: https://warm-temple-59633.herokuapp.com/api/v1/users/1/good_deeds/5
    body:
      encoding: US-ASCII
      string: ''
    headers:
      User-Agent:
      - Faraday v2.7.4
      Accept-Encoding:
      - gzip;q=1.0,deflate;q=0.6,identity;q=0.3
      Accept:
      - "*/*"
  response:
    status:
      code: 200
      message: OK
    headers:
      Server:
      - Cowboy
      Date:
      - Tue, 18 Apr 2023 02:54:02 GMT
      Connection:
      - keep-alive
      X-Frame-Options:
      - SAMEORIGIN
      X-Xss-Protection:
      - '0'
      X-Content-Type-Options:
      - nosniff
      X-Download-Options:
      - noopen
      X-Permitted-Cross-Domain-Policies:
      - none
      Referrer-Policy:
      - strict-origin-when-cross-origin
      Content-Type:
      - application/json; charset=utf-8
      Vary:
      - Accept
      Etag:
      - W/"05ff213f8c100de409b6cc07d39045eb"
      Cache-Control:
      - max-age=0, private, must-revalidate
      X-Request-Id:
      - 94f666d8-39f1-4ab3-a4f0-efc2ce127b0d
      X-Runtime:
      - '0.005748'
      Transfer-Encoding:
      - chunked
      Via:
      - 1.1 vegur
    body:
      encoding: UTF-8
      string: '{"data":{"id":"5","type":"good_deed","attributes":{"name":"Pick up
        litter around your favorite park","date":"2023-04-17","time":"2000-01-01T21:48:00.000Z","status":"In
        Progress","notes":"","media_link":null,"attendees":[]}}}'
  recorded_at: Tue, 18 Apr 2023 02:54:02 GMT
- request:
    method: patch
    uri: https://warm-temple-59633.herokuapp.com/api/v1/users/1/good_deeds/5?param=1
    body:
      encoding: UTF-8
      string: '{"name":"Pick up litter around your favorite park","date":"2023-04-17","time":"9:48
        PM","status":"In Progress","notes":"","media_link":null}'
    headers:
      Content-Type:
      - application/json
      User-Agent:
      - Faraday v2.7.4
      Accept-Encoding:
      - gzip;q=1.0,deflate;q=0.6,identity;q=0.3
      Accept:
      - "*/*"
  response:
    status:
      code: 200
      message: OK
    headers:
      Server:
      - Cowboy
      Date:
      - Tue, 18 Apr 2023 02:54:02 GMT
      Connection:
      - keep-alive
      X-Frame-Options:
      - SAMEORIGIN
      X-Xss-Protection:
      - '0'
      X-Content-Type-Options:
      - nosniff
      X-Download-Options:
      - noopen
      X-Permitted-Cross-Domain-Policies:
      - none
      Referrer-Policy:
      - strict-origin-when-cross-origin
      Content-Type:
      - application/json; charset=utf-8
      Vary:
      - Accept
      Etag:
      - W/"05ff213f8c100de409b6cc07d39045eb"
      Cache-Control:
      - max-age=0, private, must-revalidate
      X-Request-Id:
      - ce51ec5f-90ed-4abb-8371-58fd88a248fe
      X-Runtime:
      - '0.008090'
      Transfer-Encoding:
      - chunked
      Via:
      - 1.1 vegur
    body:
      encoding: UTF-8
      string: '{"data":{"id":"5","type":"good_deed","attributes":{"name":"Pick up
        litter around your favorite park","date":"2023-04-17","time":"2000-01-01T21:48:00.000Z","status":"In
        Progress","notes":"","media_link":null,"attendees":[]}}}'
  recorded_at: Tue, 18 Apr 2023 02:54:03 GMT
recorded_with: VCR 6.1.0
