---
http_interactions:
- request:
    method: get
    uri: http://localhost:3000/api/v1/good_deeds
    body:
      encoding: US-ASCII
      string: ''
    headers:
      User-Agent:
      - Faraday v2.7.4
      Accept-Encoding:
      - gzip;q=1.0,deflate;q=0.6,identity;q=0.3
      Accept:
      - "*/*"
  response:
    status:
      code: 200
      message: OK
    headers:
      X-Frame-Options:
      - SAMEORIGIN
      X-Xss-Protection:
      - '0'
      X-Content-Type-Options:
      - nosniff
      X-Download-Options:
      - noopen
      X-Permitted-Cross-Domain-Policies:
      - none
      Referrer-Policy:
      - strict-origin-when-cross-origin
      Content-Type:
      - application/json; charset=utf-8
      Vary:
      - Accept
      Etag:
      - W/"8fe32e407a1038ee38753b70e5374b3a"
      Cache-Control:
      - max-age=0, private, must-revalidate
      X-Request-Id:
      - 4915d507-07e7-4cc2-8174-45dac43c98d2
      X-Runtime:
      - '0.009012'
      Server-Timing:
      - start_processing.action_controller;dur=0.07, sql.active_record;dur=0.81, process_action.action_controller;dur=3.68
      Transfer-Encoding:
      - chunked
    body:
      encoding: UTF-8
      string: '{"data":[]}'
  recorded_at: Sat, 15 Apr 2023 20:15:05 GMT
- request:
    method: get
    uri: http://localhost:3000/api/v1/random_acts
    body:
      encoding: US-ASCII
      string: ''
    headers:
      User-Agent:
      - Faraday v2.7.4
      Accept-Encoding:
      - gzip;q=1.0,deflate;q=0.6,identity;q=0.3
      Accept:
      - "*/*"
  response:
    status:
      code: 200
      message: OK
    headers:
      X-Frame-Options:
      - SAMEORIGIN
      X-Xss-Protection:
      - '0'
      X-Content-Type-Options:
      - nosniff
      X-Download-Options:
      - noopen
      X-Permitted-Cross-Domain-Policies:
      - none
      Referrer-Policy:
      - strict-origin-when-cross-origin
      Content-Type:
      - application/json; charset=utf-8
      Vary:
      - Accept
      Etag:
      - W/"5004b46a9335c129ac7316f885adceab"
      Cache-Control:
      - max-age=0, private, must-revalidate
      X-Request-Id:
      - 6ecc526a-8746-429d-9b10-fdd72fc27257
      X-Runtime:
      - '0.576758'
      Server-Timing:
      - start_processing.action_controller;dur=0.07, process_action.action_controller;dur=572.55
      Transfer-Encoding:
      - chunked
    body:
      encoding: UTF-8
      string: '{"data":{"id":null,"type":"random_acts","attributes":{"deed_names":["Mow
        your neighbor''s lawn","Volunteer at your local food pantry","Pick up litter
        around your favorite park"]}}}'
  recorded_at: Sat, 15 Apr 2023 20:15:05 GMT
- request:
    method: get
    uri: https://warm-temple-59633.herokuapp.com/api/v1/good_deeds
    body:
      encoding: US-ASCII
      string: ''
    headers:
      User-Agent:
      - Faraday v2.7.4
      Accept-Encoding:
      - gzip;q=1.0,deflate;q=0.6,identity;q=0.3
      Accept:
      - "*/*"
  response:
    status:
      code: 200
      message: OK
    headers:
      Server:
      - Cowboy
      Date:
      - Sun, 16 Apr 2023 21:42:32 GMT
      Connection:
      - keep-alive
      X-Frame-Options:
      - SAMEORIGIN
      X-Xss-Protection:
      - '0'
      X-Content-Type-Options:
      - nosniff
      X-Download-Options:
      - noopen
      X-Permitted-Cross-Domain-Policies:
      - none
      Referrer-Policy:
      - strict-origin-when-cross-origin
      Content-Type:
      - application/json; charset=utf-8
      Vary:
      - Accept
      Etag:
      - W/"8fe32e407a1038ee38753b70e5374b3a"
      Cache-Control:
      - max-age=0, private, must-revalidate
      X-Request-Id:
      - 398a7f9c-9776-451f-b8e2-a67136260268
      X-Runtime:
      - '0.003445'
      Transfer-Encoding:
      - chunked
      Via:
      - 1.1 vegur
    body:
      encoding: UTF-8
      string: '{"data":[]}'
  recorded_at: Sun, 16 Apr 2023 21:42:33 GMT
- request:
    method: get
    uri: https://warm-temple-59633.herokuapp.com/api/v1/random_acts
    body:
      encoding: US-ASCII
      string: ''
    headers:
      User-Agent:
      - Faraday v2.7.4
      Accept-Encoding:
      - gzip;q=1.0,deflate;q=0.6,identity;q=0.3
      Accept:
      - "*/*"
  response:
    status:
      code: 200
      message: OK
    headers:
      Server:
      - Cowboy
      Date:
      - Sun, 16 Apr 2023 21:42:33 GMT
      Connection:
      - keep-alive
      X-Frame-Options:
      - SAMEORIGIN
      X-Xss-Protection:
      - '0'
      X-Content-Type-Options:
      - nosniff
      X-Download-Options:
      - noopen
      X-Permitted-Cross-Domain-Policies:
      - none
      Referrer-Policy:
      - strict-origin-when-cross-origin
      Content-Type:
      - application/json; charset=utf-8
      Vary:
      - Accept
      Etag:
      - W/"03692f6198519f10d3b1516ad66690c9"
      Cache-Control:
      - max-age=0, private, must-revalidate
      X-Request-Id:
      - 43b609a5-7bb3-4511-a848-9f651e20fa26
      X-Runtime:
      - '0.033524'
      Transfer-Encoding:
      - chunked
      Via:
      - 1.1 vegur
    body:
      encoding: UTF-8
      string: '{"data":{"id":null,"type":"random_acts","attributes":{"deed_names":["Pick
        up litter around your favorite park","Pick up litter around your favorite
        park","Find a charity and donate to it"]}}}'
  recorded_at: Sun, 16 Apr 2023 21:42:33 GMT
recorded_with: VCR 6.1.0
